2014-02-02T02:07:28.123-0800: 2.033: [GC [1 CMS-initial-mark: 0K(707840K)] 103699K(1014528K), 0.0285810 secs] [Times: user=0.03 sys=0.00, real=0.03 secs] 
2014-02-02T02:07:28.151-0800: 2.062: [CMS-concurrent-mark-start]
2014-02-02T02:07:28.180-0800: 2.090: [CMS-concurrent-mark: 0.029/0.029 secs] [Times: user=0.02 sys=0.01, real=0.03 secs] 
2014-02-02T02:07:28.180-0800: 2.090: [CMS-concurrent-preclean-start]
2014-02-02T02:07:28.203-0800: 2.113: [CMS-concurrent-preclean: 0.022/0.023 secs] [Times: user=0.02 sys=0.00, real=0.02 secs] 
2014-02-02T02:07:28.203-0800: 2.113: [CMS-concurrent-abortable-preclean-start]
 CMS: abort preclean due to time 2014-02-02T02:07:33.285-0800: 7.195: [CMS-concurrent-abortable-preclean: 0.206/5.081 secs] [Times: user=0.23 sys=0.01, real=5.09 secs] 
2014-02-02T02:07:33.285-0800: 7.195: [GC[YG occupancy: 103702 K (306688 K)]2014-02-02T02:07:33.285-0800: 7.196: [GC2014-02-02T02:07:33.285-0800: 7.196: [ParNew: 103702K->9313K(306688K), 0.0201080 secs] 103702K->9313K(1014528K), 0.0202570 secs] [Times: user=0.06 sys=0.00, real=0.02 secs] 
2014-02-02T02:07:33.306-0800: 7.216: [Rescan (parallel) , 0.0089340 secs]2014-02-02T02:07:33.315-0800: 7.225: [weak refs processing, 0.0000230 secs]2014-02-02T02:07:33.315-0800: 7.225: [class unloading, 0.0008790 secs]2014-02-02T02:07:33.316-0800: 7.226: [scrub symbol table, 0.0014940 secs]2014-02-02T02:07:33.317-0800: 7.227: [scrub string table, 0.0002340 secs] [1 CMS-remark: 0K(707840K)] 9313K(1014528K), 0.0322720 secs] [Times: user=0.10 sys=0.00, real=0.03 secs] 
2014-02-02T02:07:33.318-0800: 7.228: [CMS-concurrent-sweep-start]
2014-02-02T02:07:33.323-0800: 7.233: [CMS-concurrent-sweep: 0.005/0.005 secs] [Times: user=0.01 sys=0.00, real=0.00 secs] 
2014-02-02T02:07:33.323-0800: 7.233: [CMS-concurrent-reset-start]
2014-02-02T02:07:33.334-0800: 7.244: [CMS-concurrent-reset: 0.011/0.011 secs] [Times: user=0.01 sys=0.01, real=0.02 secs] 
Heap
 par new generation   total 306688K, used 200263K [0x00000000b5a00000, 0x00000000ca6c0000, 0x00000000ca6c0000)
  eden space 272640K,  70% used [0x00000000b5a00000, 0x00000000c14799a8, 0x00000000c6440000)
  from space 34048K,  27% used [0x00000000c8580000, 0x00000000c8e98560, 0x00000000ca6c0000)
  to   space 34048K,   0% used [0x00000000c6440000, 0x00000000c6440000, 0x00000000c8580000)
 concurrent mark-sweep generation total 707840K, used 0K [0x00000000ca6c0000, 0x00000000f5a00000, 0x00000000f5a00000)
 concurrent-mark-sweep perm gen total 34104K, used 21747K [0x00000000f5a00000, 0x00000000f7b4e000, 0x0000000100000000)
